
   FAIL  Tests\Feature\TournamentFlowTest
  Γ¿» complete tournameΓÇª 0.51s  
  ΓöÇΓöÇΓöÇΓöÇΓöÇΓöÇΓöÇΓöÇΓöÇΓöÇΓöÇΓöÇΓöÇΓöÇΓöÇΓöÇΓöÇΓöÇΓöÇΓöÇΓöÇΓöÇΓöÇΓöÇΓöÇΓöÇ  
   FAILED  Tests\Feature\TΓÇª   
  Expected: <!DOCTYPE html>\r\n
<html lang="en">\r\n
\r\n
<head>\r\n
    <meta charset="utf-8">\r\n
    <meta name="viewport" content="width=device-width, initial-scale=1">\r\n
    <meta name="csrf-token" content="cCrhEVpSvsyPwdavD4lW4XPQ4cb2YhfWve6gkbUR">\r\n
\r\n
    <title>Matches - Laravel Cup 2025</title>\r\n
\r\n
    <!-- Fonts -->\r\n
    <link rel="preconnect" href="https://fonts.googleapis.com">\r\n
    <link rel="preconnect" href="https://fonts.gstatic.com" crossorigin>\r\n
    <link href="https://fonts.googleapis.com/css2?family=VT323&family=Inter:wght@400;600;700&display=swap"\r\n
        rel="stylesheet">\r\n
\r\n
    <!-- Scripts -->\r\n
    <script type="module" src="http://[::1]:5173/@vite/client"></script><link rel="stylesheet" href="http://[::1]:5173/resources/css/app.css" /><script type="module" src="http://[::1]:5173/resources/js/app.js"></script>    \r\n
    <style>\r\n
        /* Pixel Cat Animation */\r\n
        .pixel-cat-container {\r\n
            position: fixed;\r\n
            bottom: 0;\r\n
            left: 0;\r\n
            width: 100%;\r\n
            height: 60px;\r\n
            z-index: 40;\r\n
            pointer-events: none;\r\n
            overflow: hidden;\r\n
        }\r\n
\r\n
        .cat-walking {\r\n
            position: absolute;\r\n
            bottom: 0;\r\n
            width: 40px;\r\n
            height: 25px;\r\n
            background: #FFB7D5;\r\n
            box-shadow: \r\n
                5px -5px 0 0 #FFB7D5,\r\n
                10px -5px 0 0 #FFB7D5,\r\n
                15px -10px 0 0 #FFB7D5,\r\n
                20px -10px 0 0 #FFB7D5,\r\n
                25px -5px 0 0 #FFB7D5,\r\n
                30px 0 0 0 #FFB7D5,\r\n
                35px 0 0 0 #FFB7D5,\r\n
                5px 5px 0 0 #FFB7D5,\r\n
                10px 5px 0 0 #FFB7D5,\r\n
                15px 5px 0 0 #FFB7D5,\r\n
                20px 5px 0 0 #FFB7D5,\r\n
                25px 5px 0 0 #FFB7D5,\r\n
                30px 5px 0 0 #FFB7D5,\r\n
                35px 5px 0 0 #FFB7D5,\r\n
                5px 10px 0 0 #FFB7D5,\r\n
                35px 10px 0 0 #FFB7D5;\r\n
            animation: walk 15s linear infinite;\r\n
        }\r\n
        \r\n
        .cat-head {\r\n
            position: absolute;\r\n
            top: -15px;\r\n
            right: -5px;\r\n
            width: 15px;\r\n
            height: 15px;\r\n
            background: #FFB7D5;\r\n
            box-shadow: \r\n
                5px -5px 0 0 #FFB7D5,\r\n
                -5px 0 0 0 #FFB7D5;\r\n
        }\r\n
        \r\n
        .cat-tail {\r\n
            position: absolute;\r\n
            top: -10px;\r\n
            left: -5px;\r\n
            width: 5px;\r\n
            height: 20px;\r\n
            background: #FFB7D5;\r\n
            transform: rotate(-45deg);\r\n
            transform-origin: bottom right;\r\n
            animation: tail-wag 1s ease-in-out infinite alternate;\r\n
        }\r\n
\r\n
        @keyframes walk {\r\n
            0% { left: -10%; transform: scaleX(1); }\r\n
            49% { left: 110%; transform: scaleX(1); }\r\n
            50% { left: 110%; transform: scaleX(-1); } /* Flip */\r\n
            100% { left: -10%; transform: scaleX(-1); }\r\n
        }\r\n
        \r\n
        @keyframes tail-wag {\r\n
            0% { transform: rotate(-45deg); }\r\n
            100% { transform: rotate(-25deg); }\r\n
        }\r\n
\r\n
        /* Navbar Transition */\r\n
        #main-navbar {\r\n
            transition: all 0.3s ease-in-out;\r\n
        }\r\n
        \r\n
        .navbar-hidden {\r\n
            transform: translateY(-100%);\r\n
            opacity: 0;\r\n
        }\r\n
        \r\n
        .navbar-scrolled {\r\n
            background-color: rgba(0, 36, 125, 0.85) !important; /* England Blue with opacity */\r\n
            backdrop-filter: blur(8px);\r\n
            border-bottom-width: 2px !important;\r\n
            box-shadow: 0 4px 6px -1px rgba(0, 0, 0, 0.1), 0 2px 4px -1px rgba(0, 0, 0, 0.06) !important;\r\n
            padding-top: 0.5rem !important;\r\n
            padding-bottom: 0.5rem !important;\r\n
            height: 4rem !important; /* Smaller height */\r\n
        }\r\n
        \r\n
        .navbar-scrolled .logo-container {\r\n
            width: 2.5rem !important;\r\n
            height: 2.5rem !important;\r\n
            border-width: 1px !important;\r\n
        }\r\n
        \r\n
        .navbar-scrolled .logo-text {\r\n
            font-size: 1.5rem !important;\r\n
        }\r\n
    </style>\r\n
</head>\r\n
\r\n
<body class="font-sans antialiased bg-slate-50 selection:bg-soft-pink selection:text-england-blue">\r\n
    <!-- Navigation -->\r\n
    <nav id="main-navbar"\r\n
        class="sticky top-0 z-50 bg-england-blue border-b-4 border-england-red shadow-lg transition-all duration-300">\r\n
        <div class="max-w-7xl mx-auto px-4 sm:px-6 lg:px-8">\r\n
            <div class="flex justify-between items-center h-20 transition-all duration-300" id="navbar-content">\r\n
                <!-- Logo -->\r\n
                <div class="flex items-center gap-3">\r\n
                    <div\r\n
                        class="logo-container w-12 h-12 bg-white border-2 border-black shadow-pixel-sm flex items-center justify-center transform rotate-3 hover:rotate-0 transition-all overflow-hidden">\r\n
                        <img src="http://localhost/images/logo.jpeg" alt="EDS UPI Logo"\r\n
                            class="w-full h-full object-cover">\r\n
                    </div>\r\n
                    <a href="/"\r\n
                        class="logo-text text-3xl font-pixel text-white tracking-widest hover:text-soft-pink transition-colors drop-shadow-md">\r\n
                        EDS UPI\r\n
                    </a>\r\n
                </div>\r\n
\r\n
                <!-- Desktop Navigation -->\r\n
                <div class="hidden md:flex items-center space-x-8">\r\n
                    <a href="/"\r\n
                        class="font-pixel text-xl text-white hover:text-soft-pink hover:underline decoration-4 decoration-soft-pink underline-offset-4 transition-all">HOME</a>\r\n
                    <a href="/tournaments"\r\n
                        class="font-pixel text-xl text-white hover:text-soft-pink hover:underline decoration-4 decoration-soft-pink underline-offset-4 transition-all">TOURNAMENTS</a>\r\n
                                            <a href="/admin/dashboard"\r\n
                            class="font-pixel text-xl text-soft-pink hover:text-white transition-colors">ADMIN PANEL</a>\r\n
                        <form method="POST" action="http://localhost/logout" class="inline">\r\n
                            <input type="hidden" name="_token" value="cCrhEVpSvsyPwdavD4lW4XPQ4cb2YhfWve6gkbUR" autocomplete="off">                            <button type="submit"\r\n
                                class="font-pixel text-xl text-white hover:text-england-red bg-white/10 px-4 py-1 rounded border-2 border-transparent hover:border-white transition-all">LOGOUT</button>\r\n
                        </form>\r\n
                                    </div>\r\n
\r\n
                <!-- Mobile Menu Button -->\r\n
                <div class="md:hidden">\r\n
                    <button type="button"\r\n
                        class="text-white hover:text-soft-pink p-2 border-2 border-white rounded shadow-pixel-sm active:shadow-none active:translate-y-1 transition-all"\r\n
                        onclick="toggleMobileMenu()">\r\n
                        <svg class="h-8 w-8" fill="none" viewBox="0 0 24 24" stroke-width="2" stroke="currentColor">\r\n
                            <path stroke-linecap="round" stroke-linejoin="round"\r\n
                                d="M3.75 6.75h16.5M3.75 12h16.5m-16.5 5.25h16.5" />\r\n
                        </svg>\r\n
                    </button>\r\n
                </div>\r\n
            </div>\r\n
        </div>\r\n
\r\n
        <!-- Mobile Menu -->\r\n
        <div id="mobile-menu" class="hidden md:hidden border-t-4 border-england-red bg-england-blue">\r\n
            <div class="px-4 py-4 space-y-2">\r\n
                <a href="/" class="block px-3 py-2 font-pixel text-xl text-white hover:bg-white/10 rounded-md">HOME</a>\r\n
                <a href="/tournaments"\r\n
                    class="block px-3 py-2 font-pixel text-xl text-white hover:bg-white/10 rounded-md">TOURNAMENTS</a>\r\n
                                    <a href="/admin/dashboard"\r\n
                        class="block px-3 py-2 font-pixel text-xl text-soft-pink hover:bg-white/10 rounded-md">ADMIN\r\n
                        DASHBOARD</a>\r\n
                    <form method="POST" action="http://localhost/logout">\r\n
                        <input type="hidden" name="_token" value="cCrhEVpSvsyPwdavD4lW4XPQ4cb2YhfWve6gkbUR" autocomplete="off">                        <button type="submit"\r\n
                            class="w-full text-left block px-3 py-2 font-pixel text-xl text-white hover:bg-white/10 rounded-md">LOGOUT</button>\r\n
                    </form>\r\n
                            </div>\r\n
        </div>\r\n
    </nav>\r\n
\r\n
    <!-- Main Content -->\r\n
    <main class="min-h-screen bg-[url('https://www.transparenttextures.com/patterns/graphy.png')] pb-20">\r\n
        <div class="max-w-7xl mx-auto px-4 sm:px-6 lg:px-8 py-8">\r\n
                <div class="max-w-7xl mx-auto px-4 sm:px-6 lg:px-8 py-8">\r\n
\r\n
        \r\n
        <div class="mb-8">\r\n
            <h1 class="text-5xl font-pixel leading-tight text-england-blue drop-shadow-sm">\r\n
                ΓÜö∩╕Å MATCHES: Laravel Cup 2025\r\n
            </h1>\r\n
        </div>\r\n
\r\n
        \r\n
        <div class="border-b-4 border-slate-200 mb-8 overflow-x-auto pb-1">\r\n
            <nav class="-mb-1 flex space-x-8 min-w-max" aria-label="Tabs">\r\n
                <a href="/tournaments" class="pixel-tab text-slate-600 hover:text-black">\r\n
                    ΓåÉ ALL TOURNAMENTS\r\n
                </a>\r\n
                <a href="/tournaments/1" class="pixel-tab text-slate-600 hover:text-black">\r\n
                    ≡ƒÅá OVERVIEW\r\n
                </a>\r\n
                <a href="/tournaments/1/motions" class="pixel-tab text-slate-600 hover:text-black">\r\n
                    ≡ƒÆí MOTIONS\r\n
                </a>\r\n
                <a href="/tournaments/1/standings" class="pixel-tab text-slate-600 hover:text-black">\r\n
                    ≡ƒÅå STANDINGS\r\n
                </a>\r\n
                <a href="/tournaments/1/matches" class="pixel-tab pixel-tab-active">\r\n
                    ΓÜö∩╕Å MATCHES & DRAW\r\n
                </a>\r\n
                <a href="/tournaments/1/results" class="pixel-tab text-slate-600 hover:text-black">\r\n
                    ≡ƒôè RESULTS\r\n
                </a>\r\n
                <a href="/tournaments/1/speakers" class="pixel-tab text-slate-600 hover:text-black">\r\n
                    ≡ƒÄñ SPEAKERS\r\n
                </a>\r\n
            </nav>\r\n
        </div>\r\n
\r\n
        <div class="space-y-6"\r\n
            x-data="{ selectedRound: '1' }">\r\n
\r\n
            \r\n
            <div class="flex flex-col sm:flex-row sm:items-center sm:justify-between gap-4 pixel-card p-4 bg-soft-pink/20">\r\n
                <div>\r\n
                    <h3 class="text-xl font-pixel text-england-blue">MATCH LIST</h3>\r\n
                    <p class="text-sm font-sans text-slate-600">Select a round to view the draw.</p>\r\n
                </div>\r\n
\r\n
                <div class="w-full sm:w-64">\r\n
                                            <select x-model="selectedRound" class="pixel-input block w-full bg-white text-lg font-pixel">\r\n
                                                            <option value="1">\r\n
                                    Round 1\r\n
                                </option>\r\n
                                                    </select>\r\n
                                    </div>\r\n
            </div>\r\n
\r\n
            \r\n
            <div class="pixel-card overflow-hidden bg-white">\r\n
                                                            <div x-show="selectedRound == '1'" style="display: none;">\r\n
\r\n
                            \r\n
                            <div class="px-6 py-4 border-b-4 border-slate-200 bg-slate-50">\r\n
                                <div class="flex justify-between items-center">\r\n
                                    <h4 class="font-pixel text-2xl text-england-blue">Round 1</h4>\r\n
                                    <span\r\n
                                        class="px-3 py-1 text-sm font-pixel border-2 border-black shadow-pixel-sm bg-yellow-300 text-black">\r\n
                                        DRAFT\r\n
                                    </span>\r\n
                                </div>\r\n
                                                                    <div class="mt-4 p-3 bg-yellow-50 border-2 border-yellow-300 shadow-sm">\r\n
                                        <span class="font-pixel text-yellow-700">Motion belum dipublikasikan</span>\r\n
                                    </div>\r\n
                                                            </div>\r\n
\r\n
                            \r\n
                            <div class="overflow-x-auto">\r\n
                                <table class="min-w-full divide-y-2 divide-slate-200">\r\n
                                    <thead class="bg-england-blue text-white">\r\n
                                        <tr>\r\n
                                            <th scope="col"\r\n
                                                class="px-6 py-3 text-left text-lg font-pixel tracking-wider border-r-2 border-white/20">\r\n
                                                Venue</th>\r\n
                                            <th scope="col"\r\n
                                                class="px-6 py-3 text-center text-lg font-pixel tracking-wider border-r-2 border-white/20">\r\n
                                                Proposition (Gov)</th>\r\n
                                            <th scope="col"\r\n
                                                class="px-6 py-3 text-center text-lg font-pixel tracking-wider border-r-2 border-white/20">\r\n
                                                VS</th>\r\n
                                            <th scope="col"\r\n
                                                class="px-6 py-3 text-center text-lg font-pixel tracking-wider border-r-2 border-white/20">\r\n
                                                Opposition (Opp)</th>\r\n
                                            <th scope="col" class="px-6 py-3 text-center text-lg font-pixel tracking-wider">\r\n
                                                Adjudicators</th>\r\n
                                        </tr>\r\n
                                    </thead>\r\n
                                    <tbody class="bg-white divide-y-2 divide-slate-100">\r\n
                                                                                    <tr class="hover:bg-soft-pink/10 transition-colors">\r\n
                                                <td\r\n
                                                    class="px-6 py-4 whitespace-nowrap text-base font-bold font-sans text-black border-r border-slate-100">\r\n
                                                    ≡ƒôì Room 1\r\n
                                                </td>\r\n
\r\n
                                                \r\n
                                                <td class="px-6 py-4 whitespace-nowrap text-center border-r border-slate-100">\r\n
                                                    <div class="text-base font-bold text-black font-sans">\r\n
                                                        ≡ƒÉ»\r\n
                                                        Gov Team\r\n
                                                    </div>\r\n
                                                    <div class="text-xs text-slate-500 font-mono">\r\n
                                                        </div>\r\n
                                                </td>\r\n
\r\n
                                                \r\n
                                                <td class="px-6 py-4 whitespace-nowrap text-center border-r border-slate-100">\r\n
                                                    <span\r\n
                                                        class="inline-flex items-center justify-center px-2 py-1 text-xl font-pixel text-white bg-england-red border-2 border-black shadow-pixel-sm transform rotate-12">\r\n
                                                        VS\r\n
                                                    </span>\r\n
                                                </td>\r\n
\r\n
                                                \r\n
                                                <td class="px-6 py-4 whitespace-nowrap text-center border-r border-slate-100">\r\n
                                                    <div class="text-base font-bold text-black font-sans">\r\n
                                                        ≡ƒÉ╗\r\n
                                                        Opp Team\r\n
                                                    </div>\r\n
                                                    <div class="text-xs text-slate-500 font-mono">\r\n
                                                        </div>\r\n
                                                </td>\r\n
\r\n
                                                \r\n
                                                <td class="px-6 py-4 text-center">\r\n
                                                    <div class="flex flex-col items-center gap-1">\r\n
                                                                                                                    <span\r\n
                                                                class="inline-flex items-center px-3 py-1 border-2 border-blue-800 text-xs font-pixel bg-blue-100 text-blue-900 shadow-sm">\r\n
                                                                ΓÜû∩╕Å Chief Adj\r\n
                                                            </span>\r\n
                                                                                                            </div>\r\n
                                                </td>\r\n
                                            </tr>\r\n
                                                                            </tbody>\r\n
                                </table>\r\n
                            </div>\r\n
                        </div>\r\n
                                                </div>\r\n
        </div>\r\n
    </div>\r\n
        </div>\r\n
    </main>\r\n
\r\n
    <!-- Pixel Cat Animation Container -->\r\n
    <div class="pixel-cat-container">\r\n
        <div class="cat-walking">\r\n
            <div class="cat-head"></div>\r\n
            <div class="cat-tail"></div>\r\n
        </div>\r\n
    </div>\r\n
\r\n
    <!-- Footer -->\r\n
    <footer class="bg-slate-900 text-white mt-24 border-t-4 border-england-red">\r\n
        <div class="max-w-7xl mx-auto px-4 sm:px-6 lg:px-8 py-12">\r\n
            <div class="grid grid-cols-1 md:grid-cols-4 gap-8">\r\n
                <!-- About Column -->\r\n
                <div class="col-span-1 md:col-span-2">\r\n
                    <h3 class="font-pixel text-2xl text-soft-pink mb-4">EDS UPI</h3>\r\n
                    <p class="text-slate-300 text-sm leading-relaxed font-sans">\r\n
                        The official debate society of Universitas Pendidikan Indonesia.\r\n
                        Fostering excellence in argumentation and critical thinking since 2009.\r\n
                    </p>\r\n
                </div>\r\n
\r\n
                <!-- Quick Links -->\r\n
                <div>\r\n
                    <h4\r\n
                        class="font-pixel text-lg text-white mb-4 uppercase tracking-wider border-b-2 border-england-red inline-block">\r\n
                        Quick Links</h4>\r\n
                    <ul class="space-y-2 font-pixel text-lg">\r\n
                        <li><a href="/tournaments"\r\n
                                class="text-slate-300 hover:text-soft-pink transition-colors">Tournaments</a></li>\r\n
                        <li><a href="/articles" class="text-slate-300 hover:text-soft-pink transition-colors">News</a>\r\n
                        </li>\r\n
                        <li><a href="/about" class="text-slate-300 hover:text-soft-pink transition-colors">About\r\n
                                Us</a></li>\r\n
                    </ul>\r\n
                </div>\r\n
\r\n
                <!-- Contact -->\r\n
                <div>\r\n
                    <h4\r\n
                        class="font-pixel text-lg text-white mb-4 uppercase tracking-wider border-b-2 border-england-red inline-block">\r\n
                        Contact</h4>\r\n
                    <ul class="space-y-2 text-sm text-slate-300 font-sans">\r\n
                        <li class="flex items-center gap-2">≡ƒÅ½ UPI Bandung</li>\r\n
                        <li class="flex items-center gap-2">≡ƒôì Gedung Geget Winda</li>\r\n
                        <li class="flex items-center gap-2">≡ƒô₧ 085624705616</li>\r\n
                    </ul>\r\n
                </div>\r\n
            </div>\r\n
\r\n
            <div\r\n
                class="mt-8 pt-8 border-t border-slate-800 text-center text-sm text-slate-400 font-pixel tracking-wide">\r\n
                &copy; 2025 ENGLISH DEBATE SOCIETY UPI. ALL RIGHTS RESERVED.\r\n
            </div>\r\n
        </div>\r\n
    </footer>\r\n
\r\n
    <script>\r\n
        function toggleMobileMenu() {\r\n
            const menu = document.getElementById('mobile-menu');\r\n
            menu.classList.toggle('hidden');\r\n
        }\r\n
\r\n
        // Navbar Scroll Effect\r\n
        let lastScrollTop = 0;\r\n
        const navbar = document.getElementById('main-navbar');\r\n
        const navbarContent = document.getElementById('navbar-content');\r\n
        let isScrolling;\r\n
\r\n
        window.addEventListener('scroll', function () {\r\n
            let scrollTop = window.pageYOffset || document.documentElement.scrollTop;\r\n
            \r\n
            // Clear timeout if scrolling continues\r\n
            window.clearTimeout(isScrolling);\r\n
\r\n
            if (scrollTop > 50) {\r\n
                // Scrolling Down or Active\r\n
                navbar.classList.add('navbar-scrolled');\r\n
                \r\n
                // Hide navbar while scrolling down rapidly\r\n
                if (scrollTop > lastScrollTop && scrollTop > 100) {\r\n
                     navbar.classList.add('navbar-hidden');\r\n
                } else {\r\n
                     navbar.classList.remove('navbar-hidden');\r\n
                }\r\n
            } else {\r\n
                // At Top\r\n
                navbar.classList.remove('navbar-scrolled');\r\n
                navbar.classList.remove('navbar-hidden');\r\n
            }\r\n
            \r\n
            lastScrollTop = scrollTop;\r\n
\r\n
            // Set a timeout to run after scrolling ends\r\n
            isScrolling = setTimeout(function () {\r\n
                // When scrolling stops, show navbar\r\n
                navbar.classList.remove('navbar-hidden');\r\n
            }, 150); // 150ms delay to detect "stop"\r\n
        });\r\n
    </script>\r\n
\r\n
    </body>\r\n
\r\n
</html>

  To contain: BALLOT FILLED

  at tests\Feature\TournamentFlowTest.php:128
    124Γûò         ]);
    125Γûò 
    126Γûò         // Cek Halaman Publik Lagi (Harusnya ada badge "BALLOT FILLED", tapi skor masih Hidden)
    127Γûò         $publicPageAfterScore = $this->get(route('tournaments.matches', $tournament->id));
  Γ₧£ 128Γûò         $publicPageAfterScore->assertSee('BALLOT FILLED');
    129Γûò         $publicPageAfterScore->assertDontSee('261'); // Skor Gov masih rahasia
    130Γûò 
    131Γûò         // ==========================================
    132Γûò         // 5. TEST TOGGLE VISIBILITY (UNLOCK SCORE)


  Tests:    1 failed (9 assertions)
  Duration: 0.66s

